MPLINK 5.08, LINKER
Linker Map File - Created Sat Feb 20 19:11:31 2016

                                 Section Info
                  Section       Type    Address   Location Size(Bytes)
                ---------  ---------  ---------  ---------  ---------
                   .org_0       code   0x000000    program   0x000002
                   .cinit    romdata   0x000001    program   0x000004
                   .org_1       code   0x000004    program   0x00001c
.config_2007_BUILD/DEFAULT/PRODUCTION/SWITCHE       code   0x002007    program   0x000002



                              Program Memory Usage 
                               Start         End      
                           ---------   ---------      
                            0x000000    0x000002      
                            0x000004    0x000011      
                            0x002007    0x002007      
            18 out of 8454 program addresses used, program memory utilization is 0%



                              Symbols - Sorted by Name
                     Name    Address   Location    Storage File                     
                ---------  ---------  ---------  --------- ---------                
                     Done   0x000011    program     static C:\Users\Bhareth Kachroo\MPLABXProjects\Switches.X\Switches_tester.asm
                  If_High   0x00000e    program     static C:\Users\Bhareth Kachroo\MPLABXProjects\Switches.X\Switches_tester.asm
                   If_Low   0x000010    program     static C:\Users\Bhareth Kachroo\MPLABXProjects\Switches.X\Switches_tester.asm
              Int_Handler   0x00000c    program     static C:\Users\Bhareth Kachroo\MPLABXProjects\Switches.X\Switches_tester.asm
                 Mainline   0x000005    program     static C:\Users\Bhareth Kachroo\MPLABXProjects\Switches.X\Switches_tester.asm
                 Mainloop   0x00000b    program     static C:\Users\Bhareth Kachroo\MPLABXProjects\Switches.X\Switches_tester.asm



                              Symbols - Sorted by Address
                     Name    Address   Location    Storage File                     
                ---------  ---------  ---------  --------- ---------                
                 Mainline   0x000005    program     static C:\Users\Bhareth Kachroo\MPLABXProjects\Switches.X\Switches_tester.asm
                 Mainloop   0x00000b    program     static C:\Users\Bhareth Kachroo\MPLABXProjects\Switches.X\Switches_tester.asm
              Int_Handler   0x00000c    program     static C:\Users\Bhareth Kachroo\MPLABXProjects\Switches.X\Switches_tester.asm
                  If_High   0x00000e    program     static C:\Users\Bhareth Kachroo\MPLABXProjects\Switches.X\Switches_tester.asm
                   If_Low   0x000010    program     static C:\Users\Bhareth Kachroo\MPLABXProjects\Switches.X\Switches_tester.asm
                     Done   0x000011    program     static C:\Users\Bhareth Kachroo\MPLABXProjects\Switches.X\Switches_tester.asm


